ra
ra
ra
ra
pa
ra
pa
ra
pa
ra
ra
pa
pa
pa
1     
4     
2     
5     
-25   
10    
---   ---
 a     b
      10 
      5  
      4  
      2  
      1  
      -25
---   ---
 a     b
TOTAL STEPS: 14
ra
ra
ra
pa
ra
ra
ra
ra
pa
ra
pa
ra
pa
ra
ra
ra
pa
ra
ra
ra
pa
pa
ra
pa
pa
10    
0     
24    
-36   
1     
105   
99    
23    
-35   
---   ---
 a     b
      105
      99 
      24 
      23 
      10 
      1  
      0  
      -35
      -36
---   ---
 a     b
TOTAL STEPS: 25
pa
pa
pa
pa
pa
pa
pa
pa
pa
pa
0     
0     
0     
0     
0     
0     
0     
0     
0     
0     
---   ---
 a     b
      0  
      0  
      0  
      0  
      0  
      0  
      0  
      0  
      0  
      0  
---   ---
 a     b
TOTAL STEPS: 10
pa
ra
pa
ra
ra
pa
ra
pa
pa
pa
pa
pa
10    
20    
10    
20    
35    
10    
35    
20    
---   ---
 a     b
      35 
      35 
      20 
      20 
      20 
      10 
      10 
      10 
---   ---
 a     b
TOTAL STEPS: 12
ra
ra
ra
ra
ra
ra
ra
ra
ra
ra
ra
ra
ra
ra
ra
ra
ra
ra
ra
ra
ra
ra
ra
ra
pa
ra
ra
ra
ra
ra
ra
ra
ra
ra
pa
ra
ra
ra
pa
ra
ra
ra
pa
ra
ra
ra
ra
ra
ra
pa
ra
ra
ra
ra
ra
ra
pa
ra
ra
ra
ra
ra
pa
ra
ra
ra
ra
ra
pa
pa
pa
ra
ra
ra
ra
ra
ra
ra
ra
ra
ra
ra
ra
ra
ra
ra
ra
ra
ra
ra
ra
ra
ra
ra
ra
ra
ra
ra
ra
ra
ra
pa
ra
ra
pa
ra
ra
pa
ra
ra
ra
ra
ra
pa
ra
ra
ra
ra
ra
pa
ra
ra
ra
ra
pa
pa
ra
ra
ra
ra
ra
ra
ra
ra
ra
ra
ra
ra
ra
ra
ra
ra
ra
ra
ra
ra
ra
ra
ra
pa
ra
ra
pa
ra
ra
ra
ra
ra
ra
pa
ra
pa
ra
pa
ra
ra
pa
ra
pa
ra
ra
ra
ra
pa
pa
ra
ra
pa
ra
ra
pa
pa
ra
ra
ra
ra
ra
ra
ra
ra
ra
ra
pa
ra
ra
ra
ra
ra
ra
ra
ra
ra
ra
ra
ra
ra
ra
ra
pa
pa
pa
ra
pa
pa
pa
ra
ra
pa
ra
pa
pa
ra
ra
ra
ra
ra
ra
ra
ra
ra
ra
ra
ra
ra
ra
ra
ra
ra
ra
ra
ra
ra
ra
ra
ra
ra
ra
pa
ra
pa
ra
ra
ra
ra
ra
ra
ra
ra
ra
ra
ra
ra
ra
ra
ra
ra
ra
ra
ra
ra
ra
ra
ra
ra
ra
ra
pa
ra
ra
ra
ra
ra
ra
ra
ra
ra
ra
ra
ra
ra
ra
ra
ra
ra
ra
ra
ra
ra
ra
ra
ra
ra
pa
ra
ra
ra
ra
ra
ra
ra
ra
ra
ra
ra
ra
pa
ra
ra
ra
ra
ra
ra
ra
ra
ra
ra
ra
ra
pa
ra
ra
ra
pa
ra
ra
pa
ra
ra
pa
ra
ra
ra
ra
ra
ra
pa
ra
ra
ra
ra
ra
ra
ra
ra
ra
ra
ra
pa
ra
ra
ra
ra
ra
ra
ra
ra
ra
ra
ra
pa
ra
ra
ra
ra
ra
ra
ra
ra
ra
pa
ra
ra
pa
pa
ra
ra
pa
ra
ra
ra
ra
ra
ra
ra
ra
ra
ra
pa
ra
pa
ra
ra
pa
pa
ra
ra
ra
ra
ra
ra
ra
ra
pa
ra
pa
ra
ra
ra
ra
ra
pa
pa
ra
pa
pa
ra
pa
pa
pa
1     
1     
2     
4     
4     
34    
3255   
453   
2343   
34    
54523   
4234   
35    
56    
343432   
4     
35    
56543   
32    
93939   
93    
430349   
394   
3     
0     
94    
39    
3     
95    
95049   
394   
309   
90    
34033   
1     
2     
3     
4     
1     
2     
3     
4     
1     
2     
3     
4     
12    
3     
4     
1     
2     
3     
4     
5     
6     
7     
1     
2     
3     
4     
5     
6     
1     
2     
3     
4     
5     
6     
---   ---
 a     b
      430349
      343432
      95049
      93939
      56543
      54523
      34033
      4234
      3255
      2343
      453
      394
      394
      309
      95 
      94 
      93 
      90 
      56 
      39 
      35 
      35 
      34 
      34 
      32 
      12 
      7  
      6  
      6  
      6  
      5  
      5  
      5  
      4  
      4  
      4  
      4  
      4  
      4  
      4  
      4  
      4  
      4  
      3  
      3  
      3  
      3  
      3  
      3  
      3  
      3  
      3  
      2  
      2  
      2  
      2  
      2  
      2  
      2  
      1  
      1  
      1  
      1  
      1  
      1  
      1  
      1  
      0  
---   ---
 a     b
TOTAL STEPS: 429
